09:45:46 **** Incremental Build of configuration Debug for project PWM_TIM1 ****
make -j4 all 
Building file: ../src/main.c
Building file: ../StdPeriph_Driver/src/misc.c
Building file: ../StdPeriph_Driver/src/stm32f10x_adc.c
Building file: ../src/system_stm32f10x.c
Invoking: MCU GCC Compiler
Invoking: MCU GCC Compiler
Invoking: MCU GCC Compiler
Invoking: MCU GCC Compiler
D:\GIT\GitHub\STM32_PWM_TIM1\PWM_TIM1\Debug
D:\GIT\GitHub\STM32_PWM_TIM1\PWM_TIM1\Debug
D:\GIT\GitHub\STM32_PWM_TIM1\PWM_TIM1\Debug
arm-none-eabi-gcc -mcpu=cortex-m3 -mthumb -mfloat-abi=soft -DSTM32 -DSTM32F1 -DSTM32F103C8Tx -DDEBUG -DSTM32F10X_MD -DUSE_STDPERIPH_DRIVER -I"D:/GIT/GitHub/STM32_PWM_TIM1/PWM_TIM1/StdPeriph_Driver/inc" -I"D:/GIT/GitHub/STM32_PWM_TIM1/PWM_TIM1/inc" -I"D:/GIT/GitHub/STM32_PWM_TIM1/PWM_TIM1/CMSIS/device" -I"D:/GIT/GitHub/STM32_PWM_TIM1/PWM_TIM1/CMSIS/core" -O0 -g3 -Wall -fmessage-length=0 -ffunction-sections -c -MMD -MP -MF"src/main.d" -MT"src/main.o" -o "src/main.o" "../src/main.c"
D:\GIT\GitHub\STM32_PWM_TIM1\PWM_TIM1\Debug
arm-none-eabi-gcc -mcpu=cortex-m3 -mthumb -mfloat-abi=soft -DSTM32 -DSTM32F1 -DSTM32F103C8Tx -DDEBUG -DSTM32F10X_MD -DUSE_STDPERIPH_DRIVER -I"D:/GIT/GitHub/STM32_PWM_TIM1/PWM_TIM1/StdPeriph_Driver/inc" -I"D:/GIT/GitHub/STM32_PWM_TIM1/PWM_TIM1/inc" -I"D:/GIT/GitHub/STM32_PWM_TIM1/PWM_TIM1/CMSIS/device" -I"D:/GIT/GitHub/STM32_PWM_TIM1/PWM_TIM1/CMSIS/core" -O0 -g3 -Wall -fmessage-length=0 -ffunction-sections -c -MMD -MP -MF"src/system_stm32f10x.d" -MT"src/system_stm32f10x.o" -o "src/system_stm32f10x.o" "../src/system_stm32f10x.c"
arm-none-eabi-gcc -mcpu=cortex-m3 -mthumb -mfloat-abi=soft -DSTM32 -DSTM32F1 -DSTM32F103C8Tx -DDEBUG -DSTM32F10X_MD -DUSE_STDPERIPH_DRIVER -I"D:/GIT/GitHub/STM32_PWM_TIM1/PWM_TIM1/StdPeriph_Driver/inc" -I"D:/GIT/GitHub/STM32_PWM_TIM1/PWM_TIM1/inc" -I"D:/GIT/GitHub/STM32_PWM_TIM1/PWM_TIM1/CMSIS/device" -I"D:/GIT/GitHub/STM32_PWM_TIM1/PWM_TIM1/CMSIS/core" -O0 -g3 -Wall -fmessage-length=0 -ffunction-sections -c -MMD -MP -MF"StdPeriph_Driver/src/misc.d" -MT"StdPeriph_Driver/src/misc.o" -o "StdPeriph_Driver/src/misc.o" "../StdPeriph_Driver/src/misc.c"
arm-none-eabi-gcc -mcpu=cortex-m3 -mthumb -mfloat-abi=soft -DSTM32 -DSTM32F1 -DSTM32F103C8Tx -DDEBUG -DSTM32F10X_MD -DUSE_STDPERIPH_DRIVER -I"D:/GIT/GitHub/STM32_PWM_TIM1/PWM_TIM1/StdPeriph_Driver/inc" -I"D:/GIT/GitHub/STM32_PWM_TIM1/PWM_TIM1/inc" -I"D:/GIT/GitHub/STM32_PWM_TIM1/PWM_TIM1/CMSIS/device" -I"D:/GIT/GitHub/STM32_PWM_TIM1/PWM_TIM1/CMSIS/core" -O0 -g3 -Wall -fmessage-length=0 -ffunction-sections -c -MMD -MP -MF"StdPeriph_Driver/src/stm32f10x_adc.d" -MT"StdPeriph_Driver/src/stm32f10x_adc.o" -o "StdPeriph_Driver/src/stm32f10x_adc.o" "../StdPeriph_Driver/src/stm32f10x_adc.c"
Finished building: ../src/main.c
Finished building: ../src/system_stm32f10x.c
Finished building: ../StdPeriph_Driver/src/stm32f10x_adc.c
Finished building: ../StdPeriph_Driver/src/misc.c
 
 
 
 
Building file: ../StdPeriph_Driver/src/stm32f10x_bkp.c
Building file: ../StdPeriph_Driver/src/stm32f10x_cec.c
Building file: ../StdPeriph_Driver/src/stm32f10x_can.c
Building file: ../StdPeriph_Driver/src/stm32f10x_crc.c
Invoking: MCU GCC Compiler
Invoking: MCU GCC Compiler
Invoking: MCU GCC Compiler
Invoking: MCU GCC Compiler
D:\GIT\GitHub\STM32_PWM_TIM1\PWM_TIM1\Debug
D:\GIT\GitHub\STM32_PWM_TIM1\PWM_TIM1\Debug
D:\GIT\GitHub\STM32_PWM_TIM1\PWM_TIM1\Debug
arm-none-eabi-gcc -mcpu=cortex-m3 -mthumb -mfloat-abi=soft -DSTM32 -DSTM32F1 -DSTM32F103C8Tx -DDEBUG -DSTM32F10X_MD -DUSE_STDPERIPH_DRIVER -I"D:/GIT/GitHub/STM32_PWM_TIM1/PWM_TIM1/StdPeriph_Driver/inc" -I"D:/GIT/GitHub/STM32_PWM_TIM1/PWM_TIM1/inc" -I"D:/GIT/GitHub/STM32_PWM_TIM1/PWM_TIM1/CMSIS/device" -I"D:/GIT/GitHub/STM32_PWM_TIM1/PWM_TIM1/CMSIS/core" -O0 -g3 -Wall -fmessage-length=0 -ffunction-sections -c -MMD -MP -MF"StdPeriph_Driver/src/stm32f10x_crc.d" -MT"StdPeriph_Driver/src/stm32f10x_crc.o" -o "StdPeriph_Driver/src/stm32f10x_crc.o" "../StdPeriph_Driver/src/stm32f10x_crc.c"
D:\GIT\GitHub\STM32_PWM_TIM1\PWM_TIM1\Debug
arm-none-eabi-gcc -mcpu=cortex-m3 -mthumb -mfloat-abi=soft -DSTM32 -DSTM32F1 -DSTM32F103C8Tx -DDEBUG -DSTM32F10X_MD -DUSE_STDPERIPH_DRIVER -I"D:/GIT/GitHub/STM32_PWM_TIM1/PWM_TIM1/StdPeriph_Driver/inc" -I"D:/GIT/GitHub/STM32_PWM_TIM1/PWM_TIM1/inc" -I"D:/GIT/GitHub/STM32_PWM_TIM1/PWM_TIM1/CMSIS/device" -I"D:/GIT/GitHub/STM32_PWM_TIM1/PWM_TIM1/CMSIS/core" -O0 -g3 -Wall -fmessage-length=0 -ffunction-sections -c -MMD -MP -MF"StdPeriph_Driver/src/stm32f10x_can.d" -MT"StdPeriph_Driver/src/stm32f10x_can.o" -o "StdPeriph_Driver/src/stm32f10x_can.o" "../StdPeriph_Driver/src/stm32f10x_can.c"
arm-none-eabi-gcc -mcpu=cortex-m3 -mthumb -mfloat-abi=soft -DSTM32 -DSTM32F1 -DSTM32F103C8Tx -DDEBUG -DSTM32F10X_MD -DUSE_STDPERIPH_DRIVER -I"D:/GIT/GitHub/STM32_PWM_TIM1/PWM_TIM1/StdPeriph_Driver/inc" -I"D:/GIT/GitHub/STM32_PWM_TIM1/PWM_TIM1/inc" -I"D:/GIT/GitHub/STM32_PWM_TIM1/PWM_TIM1/CMSIS/device" -I"D:/GIT/GitHub/STM32_PWM_TIM1/PWM_TIM1/CMSIS/core" -O0 -g3 -Wall -fmessage-length=0 -ffunction-sections -c -MMD -MP -MF"StdPeriph_Driver/src/stm32f10x_bkp.d" -MT"StdPeriph_Driver/src/stm32f10x_bkp.o" -o "StdPeriph_Driver/src/stm32f10x_bkp.o" "../StdPeriph_Driver/src/stm32f10x_bkp.c"
arm-none-eabi-gcc -mcpu=cortex-m3 -mthumb -mfloat-abi=soft -DSTM32 -DSTM32F1 -DSTM32F103C8Tx -DDEBUG -DSTM32F10X_MD -DUSE_STDPERIPH_DRIVER -I"D:/GIT/GitHub/STM32_PWM_TIM1/PWM_TIM1/StdPeriph_Driver/inc" -I"D:/GIT/GitHub/STM32_PWM_TIM1/PWM_TIM1/inc" -I"D:/GIT/GitHub/STM32_PWM_TIM1/PWM_TIM1/CMSIS/device" -I"D:/GIT/GitHub/STM32_PWM_TIM1/PWM_TIM1/CMSIS/core" -O0 -g3 -Wall -fmessage-length=0 -ffunction-sections -c -MMD -MP -MF"StdPeriph_Driver/src/stm32f10x_cec.d" -MT"StdPeriph_Driver/src/stm32f10x_cec.o" -o "StdPeriph_Driver/src/stm32f10x_cec.o" "../StdPeriph_Driver/src/stm32f10x_cec.c"
Finished building: ../StdPeriph_Driver/src/stm32f10x_crc.c
Finished building: ../StdPeriph_Driver/src/stm32f10x_bkp.c
Finished building: ../StdPeriph_Driver/src/stm32f10x_cec.c
 
 
 
Building file: ../StdPeriph_Driver/src/stm32f10x_dac.c
Building file: ../StdPeriph_Driver/src/stm32f10x_dbgmcu.c
Building file: ../StdPeriph_Driver/src/stm32f10x_dma.c
Finished building: ../StdPeriph_Driver/src/stm32f10x_can.c
Invoking: MCU GCC Compiler
Invoking: MCU GCC Compiler
Invoking: MCU GCC Compiler
 
D:\GIT\GitHub\STM32_PWM_TIM1\PWM_TIM1\Debug
D:\GIT\GitHub\STM32_PWM_TIM1\PWM_TIM1\Debug
D:\GIT\GitHub\STM32_PWM_TIM1\PWM_TIM1\Debug
arm-none-eabi-gcc -mcpu=cortex-m3 -mthumb -mfloat-abi=soft -DSTM32 -DSTM32F1 -DSTM32F103C8Tx -DDEBUG -DSTM32F10X_MD -DUSE_STDPERIPH_DRIVER -I"D:/GIT/GitHub/STM32_PWM_TIM1/PWM_TIM1/StdPeriph_Driver/inc" -I"D:/GIT/GitHub/STM32_PWM_TIM1/PWM_TIM1/inc" -I"D:/GIT/GitHub/STM32_PWM_TIM1/PWM_TIM1/CMSIS/device" -I"D:/GIT/GitHub/STM32_PWM_TIM1/PWM_TIM1/CMSIS/core" -O0 -g3 -Wall -fmessage-length=0 -ffunction-sections -c -MMD -MP -MF"StdPeriph_Driver/src/stm32f10x_dac.d" -MT"StdPeriph_Driver/src/stm32f10x_dac.o" -o "StdPeriph_Driver/src/stm32f10x_dac.o" "../StdPeriph_Driver/src/stm32f10x_dac.c"
arm-none-eabi-gcc -mcpu=cortex-m3 -mthumb -mfloat-abi=soft -DSTM32 -DSTM32F1 -DSTM32F103C8Tx -DDEBUG -DSTM32F10X_MD -DUSE_STDPERIPH_DRIVER -I"D:/GIT/GitHub/STM32_PWM_TIM1/PWM_TIM1/StdPeriph_Driver/inc" -I"D:/GIT/GitHub/STM32_PWM_TIM1/PWM_TIM1/inc" -I"D:/GIT/GitHub/STM32_PWM_TIM1/PWM_TIM1/CMSIS/device" -I"D:/GIT/GitHub/STM32_PWM_TIM1/PWM_TIM1/CMSIS/core" -O0 -g3 -Wall -fmessage-length=0 -ffunction-sections -c -MMD -MP -MF"StdPeriph_Driver/src/stm32f10x_dbgmcu.d" -MT"StdPeriph_Driver/src/stm32f10x_dbgmcu.o" -o "StdPeriph_Driver/src/stm32f10x_dbgmcu.o" "../StdPeriph_Driver/src/stm32f10x_dbgmcu.c"
arm-none-eabi-gcc -mcpu=cortex-m3 -mthumb -mfloat-abi=soft -DSTM32 -DSTM32F1 -DSTM32F103C8Tx -DDEBUG -DSTM32F10X_MD -DUSE_STDPERIPH_DRIVER -I"D:/GIT/GitHub/STM32_PWM_TIM1/PWM_TIM1/StdPeriph_Driver/inc" -I"D:/GIT/GitHub/STM32_PWM_TIM1/PWM_TIM1/inc" -I"D:/GIT/GitHub/STM32_PWM_TIM1/PWM_TIM1/CMSIS/device" -I"D:/GIT/GitHub/STM32_PWM_TIM1/PWM_TIM1/CMSIS/core" -O0 -g3 -Wall -fmessage-length=0 -ffunction-sections -c -MMD -MP -MF"StdPeriph_Driver/src/stm32f10x_dma.d" -MT"StdPeriph_Driver/src/stm32f10x_dma.o" -o "StdPeriph_Driver/src/stm32f10x_dma.o" "../StdPeriph_Driver/src/stm32f10x_dma.c"
Building file: ../StdPeriph_Driver/src/stm32f10x_exti.c
Invoking: MCU GCC Compiler
D:\GIT\GitHub\STM32_PWM_TIM1\PWM_TIM1\Debug
arm-none-eabi-gcc -mcpu=cortex-m3 -mthumb -mfloat-abi=soft -DSTM32 -DSTM32F1 -DSTM32F103C8Tx -DDEBUG -DSTM32F10X_MD -DUSE_STDPERIPH_DRIVER -I"D:/GIT/GitHub/STM32_PWM_TIM1/PWM_TIM1/StdPeriph_Driver/inc" -I"D:/GIT/GitHub/STM32_PWM_TIM1/PWM_TIM1/inc" -I"D:/GIT/GitHub/STM32_PWM_TIM1/PWM_TIM1/CMSIS/device" -I"D:/GIT/GitHub/STM32_PWM_TIM1/PWM_TIM1/CMSIS/core" -O0 -g3 -Wall -fmessage-length=0 -ffunction-sections -c -MMD -MP -MF"StdPeriph_Driver/src/stm32f10x_exti.d" -MT"StdPeriph_Driver/src/stm32f10x_exti.o" -o "StdPeriph_Driver/src/stm32f10x_exti.o" "../StdPeriph_Driver/src/stm32f10x_exti.c"
Finished building: ../StdPeriph_Driver/src/stm32f10x_dbgmcu.c
Finished building: ../StdPeriph_Driver/src/stm32f10x_dac.c
Finished building: ../StdPeriph_Driver/src/stm32f10x_dma.c
 
 
 
Building file: ../StdPeriph_Driver/src/stm32f10x_flash.c
Building file: ../StdPeriph_Driver/src/stm32f10x_gpio.c
Building file: ../StdPeriph_Driver/src/stm32f10x_fsmc.c
Invoking: MCU GCC Compiler
Invoking: MCU GCC Compiler
Invoking: MCU GCC Compiler
D:\GIT\GitHub\STM32_PWM_TIM1\PWM_TIM1\Debug
D:\GIT\GitHub\STM32_PWM_TIM1\PWM_TIM1\Debug
D:\GIT\GitHub\STM32_PWM_TIM1\PWM_TIM1\Debug
arm-none-eabi-gcc -mcpu=cortex-m3 -mthumb -mfloat-abi=soft -DSTM32 -DSTM32F1 -DSTM32F103C8Tx -DDEBUG -DSTM32F10X_MD -DUSE_STDPERIPH_DRIVER -I"D:/GIT/GitHub/STM32_PWM_TIM1/PWM_TIM1/StdPeriph_Driver/inc" -I"D:/GIT/GitHub/STM32_PWM_TIM1/PWM_TIM1/inc" -I"D:/GIT/GitHub/STM32_PWM_TIM1/PWM_TIM1/CMSIS/device" -I"D:/GIT/GitHub/STM32_PWM_TIM1/PWM_TIM1/CMSIS/core" -O0 -g3 -Wall -fmessage-length=0 -ffunction-sections -c -MMD -MP -MF"StdPeriph_Driver/src/stm32f10x_flash.d" -MT"StdPeriph_Driver/src/stm32f10x_flash.o" -o "StdPeriph_Driver/src/stm32f10x_flash.o" "../StdPeriph_Driver/src/stm32f10x_flash.c"
arm-none-eabi-gcc -mcpu=cortex-m3 -mthumb -mfloat-abi=soft -DSTM32 -DSTM32F1 -DSTM32F103C8Tx -DDEBUG -DSTM32F10X_MD -DUSE_STDPERIPH_DRIVER -I"D:/GIT/GitHub/STM32_PWM_TIM1/PWM_TIM1/StdPeriph_Driver/inc" -I"D:/GIT/GitHub/STM32_PWM_TIM1/PWM_TIM1/inc" -I"D:/GIT/GitHub/STM32_PWM_TIM1/PWM_TIM1/CMSIS/device" -I"D:/GIT/GitHub/STM32_PWM_TIM1/PWM_TIM1/CMSIS/core" -O0 -g3 -Wall -fmessage-length=0 -ffunction-sections -c -MMD -MP -MF"StdPeriph_Driver/src/stm32f10x_fsmc.d" -MT"StdPeriph_Driver/src/stm32f10x_fsmc.o" -o "StdPeriph_Driver/src/stm32f10x_fsmc.o" "../StdPeriph_Driver/src/stm32f10x_fsmc.c"
arm-none-eabi-gcc -mcpu=cortex-m3 -mthumb -mfloat-abi=soft -DSTM32 -DSTM32F1 -DSTM32F103C8Tx -DDEBUG -DSTM32F10X_MD -DUSE_STDPERIPH_DRIVER -I"D:/GIT/GitHub/STM32_PWM_TIM1/PWM_TIM1/StdPeriph_Driver/inc" -I"D:/GIT/GitHub/STM32_PWM_TIM1/PWM_TIM1/inc" -I"D:/GIT/GitHub/STM32_PWM_TIM1/PWM_TIM1/CMSIS/device" -I"D:/GIT/GitHub/STM32_PWM_TIM1/PWM_TIM1/CMSIS/core" -O0 -g3 -Wall -fmessage-length=0 -ffunction-sections -c -MMD -MP -MF"StdPeriph_Driver/src/stm32f10x_gpio.d" -MT"StdPeriph_Driver/src/stm32f10x_gpio.o" -o "StdPeriph_Driver/src/stm32f10x_gpio.o" "../StdPeriph_Driver/src/stm32f10x_gpio.c"
Finished building: ../StdPeriph_Driver/src/stm32f10x_exti.c
 
Building file: ../StdPeriph_Driver/src/stm32f10x_i2c.c
Invoking: MCU GCC Compiler
D:\GIT\GitHub\STM32_PWM_TIM1\PWM_TIM1\Debug
arm-none-eabi-gcc -mcpu=cortex-m3 -mthumb -mfloat-abi=soft -DSTM32 -DSTM32F1 -DSTM32F103C8Tx -DDEBUG -DSTM32F10X_MD -DUSE_STDPERIPH_DRIVER -I"D:/GIT/GitHub/STM32_PWM_TIM1/PWM_TIM1/StdPeriph_Driver/inc" -I"D:/GIT/GitHub/STM32_PWM_TIM1/PWM_TIM1/inc" -I"D:/GIT/GitHub/STM32_PWM_TIM1/PWM_TIM1/CMSIS/device" -I"D:/GIT/GitHub/STM32_PWM_TIM1/PWM_TIM1/CMSIS/core" -O0 -g3 -Wall -fmessage-length=0 -ffunction-sections -c -MMD -MP -MF"StdPeriph_Driver/src/stm32f10x_i2c.d" -MT"StdPeriph_Driver/src/stm32f10x_i2c.o" -o "StdPeriph_Driver/src/stm32f10x_i2c.o" "../StdPeriph_Driver/src/stm32f10x_i2c.c"
Finished building: ../StdPeriph_Driver/src/stm32f10x_flash.c
Finished building: ../StdPeriph_Driver/src/stm32f10x_gpio.c
 
Finished building: ../StdPeriph_Driver/src/stm32f10x_fsmc.c
 
 
Building file: ../StdPeriph_Driver/src/stm32f10x_iwdg.c
Building file: ../StdPeriph_Driver/src/stm32f10x_pwr.c
Building file: ../StdPeriph_Driver/src/stm32f10x_rcc.c
Invoking: MCU GCC Compiler
Invoking: MCU GCC Compiler
D:\GIT\GitHub\STM32_PWM_TIM1\PWM_TIM1\Debug
Invoking: MCU GCC Compiler
arm-none-eabi-gcc -mcpu=cortex-m3 -mthumb -mfloat-abi=soft -DSTM32 -DSTM32F1 -DSTM32F103C8Tx -DDEBUG -DSTM32F10X_MD -DUSE_STDPERIPH_DRIVER -I"D:/GIT/GitHub/STM32_PWM_TIM1/PWM_TIM1/StdPeriph_Driver/inc" -I"D:/GIT/GitHub/STM32_PWM_TIM1/PWM_TIM1/inc" -I"D:/GIT/GitHub/STM32_PWM_TIM1/PWM_TIM1/CMSIS/device" -I"D:/GIT/GitHub/STM32_PWM_TIM1/PWM_TIM1/CMSIS/core" -O0 -g3 -Wall -fmessage-length=0 -ffunction-sections -c -MMD -MP -MF"StdPeriph_Driver/src/stm32f10x_iwdg.d" -MT"StdPeriph_Driver/src/stm32f10x_iwdg.o" -o "StdPeriph_Driver/src/stm32f10x_iwdg.o" "../StdPeriph_Driver/src/stm32f10x_iwdg.c"
D:\GIT\GitHub\STM32_PWM_TIM1\PWM_TIM1\Debug
arm-none-eabi-gcc -mcpu=cortex-m3 -mthumb -mfloat-abi=soft -DSTM32 -DSTM32F1 -DSTM32F103C8Tx -DDEBUG -DSTM32F10X_MD -DUSE_STDPERIPH_DRIVER -I"D:/GIT/GitHub/STM32_PWM_TIM1/PWM_TIM1/StdPeriph_Driver/inc" -I"D:/GIT/GitHub/STM32_PWM_TIM1/PWM_TIM1/inc" -I"D:/GIT/GitHub/STM32_PWM_TIM1/PWM_TIM1/CMSIS/device" -I"D:/GIT/GitHub/STM32_PWM_TIM1/PWM_TIM1/CMSIS/core" -O0 -g3 -Wall -fmessage-length=0 -ffunction-sections -c -MMD -MP -MF"StdPeriph_Driver/src/stm32f10x_pwr.d" -MT"StdPeriph_Driver/src/stm32f10x_pwr.o" -o "StdPeriph_Driver/src/stm32f10x_pwr.o" "../StdPeriph_Driver/src/stm32f10x_pwr.c"
D:\GIT\GitHub\STM32_PWM_TIM1\PWM_TIM1\Debug
arm-none-eabi-gcc -mcpu=cortex-m3 -mthumb -mfloat-abi=soft -DSTM32 -DSTM32F1 -DSTM32F103C8Tx -DDEBUG -DSTM32F10X_MD -DUSE_STDPERIPH_DRIVER -I"D:/GIT/GitHub/STM32_PWM_TIM1/PWM_TIM1/StdPeriph_Driver/inc" -I"D:/GIT/GitHub/STM32_PWM_TIM1/PWM_TIM1/inc" -I"D:/GIT/GitHub/STM32_PWM_TIM1/PWM_TIM1/CMSIS/device" -I"D:/GIT/GitHub/STM32_PWM_TIM1/PWM_TIM1/CMSIS/core" -O0 -g3 -Wall -fmessage-length=0 -ffunction-sections -c -MMD -MP -MF"StdPeriph_Driver/src/stm32f10x_rcc.d" -MT"StdPeriph_Driver/src/stm32f10x_rcc.o" -o "StdPeriph_Driver/src/stm32f10x_rcc.o" "../StdPeriph_Driver/src/stm32f10x_rcc.c"
Finished building: ../StdPeriph_Driver/src/stm32f10x_i2c.c
 
Building file: ../StdPeriph_Driver/src/stm32f10x_rtc.c
Invoking: MCU GCC Compiler
D:\GIT\GitHub\STM32_PWM_TIM1\PWM_TIM1\Debug
arm-none-eabi-gcc -mcpu=cortex-m3 -mthumb -mfloat-abi=soft -DSTM32 -DSTM32F1 -DSTM32F103C8Tx -DDEBUG -DSTM32F10X_MD -DUSE_STDPERIPH_DRIVER -I"D:/GIT/GitHub/STM32_PWM_TIM1/PWM_TIM1/StdPeriph_Driver/inc" -I"D:/GIT/GitHub/STM32_PWM_TIM1/PWM_TIM1/inc" -I"D:/GIT/GitHub/STM32_PWM_TIM1/PWM_TIM1/CMSIS/device" -I"D:/GIT/GitHub/STM32_PWM_TIM1/PWM_TIM1/CMSIS/core" -O0 -g3 -Wall -fmessage-length=0 -ffunction-sections -c -MMD -MP -MF"StdPeriph_Driver/src/stm32f10x_rtc.d" -MT"StdPeriph_Driver/src/stm32f10x_rtc.o" -o "StdPeriph_Driver/src/stm32f10x_rtc.o" "../StdPeriph_Driver/src/stm32f10x_rtc.c"
Finished building: ../StdPeriph_Driver/src/stm32f10x_iwdg.c
 
Finished building: ../StdPeriph_Driver/src/stm32f10x_pwr.c
Finished building: ../StdPeriph_Driver/src/stm32f10x_rcc.c
 
 
Building file: ../StdPeriph_Driver/src/stm32f10x_sdio.c
Building file: ../StdPeriph_Driver/src/stm32f10x_spi.c
Building file: ../StdPeriph_Driver/src/stm32f10x_tim.c
Invoking: MCU GCC Compiler
Invoking: MCU GCC Compiler
Invoking: MCU GCC Compiler
D:\GIT\GitHub\STM32_PWM_TIM1\PWM_TIM1\Debug
arm-none-eabi-gcc -mcpu=cortex-m3 -mthumb -mfloat-abi=soft -DSTM32 -DSTM32F1 -DSTM32F103C8Tx -DDEBUG -DSTM32F10X_MD -DUSE_STDPERIPH_DRIVER -I"D:/GIT/GitHub/STM32_PWM_TIM1/PWM_TIM1/StdPeriph_Driver/inc" -I"D:/GIT/GitHub/STM32_PWM_TIM1/PWM_TIM1/inc" -I"D:/GIT/GitHub/STM32_PWM_TIM1/PWM_TIM1/CMSIS/device" -I"D:/GIT/GitHub/STM32_PWM_TIM1/PWM_TIM1/CMSIS/core" -O0 -g3 -Wall -fmessage-length=0 -ffunction-sections -c -MMD -MP -MF"StdPeriph_Driver/src/stm32f10x_sdio.d" -MT"StdPeriph_Driver/src/stm32f10x_sdio.o" -o "StdPeriph_Driver/src/stm32f10x_sdio.o" "../StdPeriph_Driver/src/stm32f10x_sdio.c"
D:\GIT\GitHub\STM32_PWM_TIM1\PWM_TIM1\Debug
D:\GIT\GitHub\STM32_PWM_TIM1\PWM_TIM1\Debug
arm-none-eabi-gcc -mcpu=cortex-m3 -mthumb -mfloat-abi=soft -DSTM32 -DSTM32F1 -DSTM32F103C8Tx -DDEBUG -DSTM32F10X_MD -DUSE_STDPERIPH_DRIVER -I"D:/GIT/GitHub/STM32_PWM_TIM1/PWM_TIM1/StdPeriph_Driver/inc" -I"D:/GIT/GitHub/STM32_PWM_TIM1/PWM_TIM1/inc" -I"D:/GIT/GitHub/STM32_PWM_TIM1/PWM_TIM1/CMSIS/device" -I"D:/GIT/GitHub/STM32_PWM_TIM1/PWM_TIM1/CMSIS/core" -O0 -g3 -Wall -fmessage-length=0 -ffunction-sections -c -MMD -MP -MF"StdPeriph_Driver/src/stm32f10x_spi.d" -MT"StdPeriph_Driver/src/stm32f10x_spi.o" -o "StdPeriph_Driver/src/stm32f10x_spi.o" "../StdPeriph_Driver/src/stm32f10x_spi.c"
arm-none-eabi-gcc -mcpu=cortex-m3 -mthumb -mfloat-abi=soft -DSTM32 -DSTM32F1 -DSTM32F103C8Tx -DDEBUG -DSTM32F10X_MD -DUSE_STDPERIPH_DRIVER -I"D:/GIT/GitHub/STM32_PWM_TIM1/PWM_TIM1/StdPeriph_Driver/inc" -I"D:/GIT/GitHub/STM32_PWM_TIM1/PWM_TIM1/inc" -I"D:/GIT/GitHub/STM32_PWM_TIM1/PWM_TIM1/CMSIS/device" -I"D:/GIT/GitHub/STM32_PWM_TIM1/PWM_TIM1/CMSIS/core" -O0 -g3 -Wall -fmessage-length=0 -ffunction-sections -c -MMD -MP -MF"StdPeriph_Driver/src/stm32f10x_tim.d" -MT"StdPeriph_Driver/src/stm32f10x_tim.o" -o "StdPeriph_Driver/src/stm32f10x_tim.o" "../StdPeriph_Driver/src/stm32f10x_tim.c"
Finished building: ../StdPeriph_Driver/src/stm32f10x_rtc.c
 
Building file: ../StdPeriph_Driver/src/stm32f10x_usart.c
Invoking: MCU GCC Compiler
D:\GIT\GitHub\STM32_PWM_TIM1\PWM_TIM1\Debug
arm-none-eabi-gcc -mcpu=cortex-m3 -mthumb -mfloat-abi=soft -DSTM32 -DSTM32F1 -DSTM32F103C8Tx -DDEBUG -DSTM32F10X_MD -DUSE_STDPERIPH_DRIVER -I"D:/GIT/GitHub/STM32_PWM_TIM1/PWM_TIM1/StdPeriph_Driver/inc" -I"D:/GIT/GitHub/STM32_PWM_TIM1/PWM_TIM1/inc" -I"D:/GIT/GitHub/STM32_PWM_TIM1/PWM_TIM1/CMSIS/device" -I"D:/GIT/GitHub/STM32_PWM_TIM1/PWM_TIM1/CMSIS/core" -O0 -g3 -Wall -fmessage-length=0 -ffunction-sections -c -MMD -MP -MF"StdPeriph_Driver/src/stm32f10x_usart.d" -MT"StdPeriph_Driver/src/stm32f10x_usart.o" -o "StdPeriph_Driver/src/stm32f10x_usart.o" "../StdPeriph_Driver/src/stm32f10x_usart.c"
Finished building: ../StdPeriph_Driver/src/stm32f10x_sdio.c
Finished building: ../StdPeriph_Driver/src/stm32f10x_spi.c
 
 
Building file: ../StdPeriph_Driver/src/stm32f10x_wwdg.c
Invoking: MCU GCC Compiler
D:\GIT\GitHub\STM32_PWM_TIM1\PWM_TIM1\Debug
arm-none-eabi-gcc -mcpu=cortex-m3 -mthumb -mfloat-abi=soft -DSTM32 -DSTM32F1 -DSTM32F103C8Tx -DDEBUG -DSTM32F10X_MD -DUSE_STDPERIPH_DRIVER -I"D:/GIT/GitHub/STM32_PWM_TIM1/PWM_TIM1/StdPeriph_Driver/inc" -I"D:/GIT/GitHub/STM32_PWM_TIM1/PWM_TIM1/inc" -I"D:/GIT/GitHub/STM32_PWM_TIM1/PWM_TIM1/CMSIS/device" -I"D:/GIT/GitHub/STM32_PWM_TIM1/PWM_TIM1/CMSIS/core" -O0 -g3 -Wall -fmessage-length=0 -ffunction-sections -c -MMD -MP -MF"StdPeriph_Driver/src/stm32f10x_wwdg.d" -MT"StdPeriph_Driver/src/stm32f10x_wwdg.o" -o "StdPeriph_Driver/src/stm32f10x_wwdg.o" "../StdPeriph_Driver/src/stm32f10x_wwdg.c"
Finished building: ../StdPeriph_Driver/src/stm32f10x_tim.c
 
Finished building: ../StdPeriph_Driver/src/stm32f10x_usart.c
 
Finished building: ../StdPeriph_Driver/src/stm32f10x_wwdg.c
 
Building target: PWM_TIM1.elf
Invoking: MCU GCC Linker
arm-none-eabi-gcc -mcpu=cortex-m3 -mthumb -mfloat-abi=soft -T"D:/GIT/GitHub/STM32_PWM_TIM1/PWM_TIM1/LinkerScript.ld" -Wl,-Map=output.map -Wl,--gc-sections -o "PWM_TIM1.elf" @"objects.list"   -lm
Finished building target: PWM_TIM1.elf
 
make --no-print-directory post-build
Generating binary and Printing size information:
arm-none-eabi-objcopy -O binary "PWM_TIM1.elf" "PWM_TIM1.bin"
arm-none-eabi-size "PWM_TIM1.elf"
   text	   data	    bss	    dec	    hex	filename
   1540	   1088	   1092	   3720	    e88	PWM_TIM1.elf
 
